<?php

namespace App\Logic\Traits;

/**
*  NewTrait Trait
*/
trait NewTrait
{
	public function foo()
    {
        return 'bar';
    }
}